// Jest Snapshot v1, https://goo.gl/fbAQLP

exports[`Home renders correctly 1`] = `
Array [
  <nav
    className="navbarContainer navbar navbar-expand-sm navbar-light fixed-top"
  >
    <button
      aria-controls="responsive-navbar-nav"
      aria-label="Toggle navigation"
      className="navbar-toggler collapsed"
      onClick={[Function]}
      type="button"
    >
      <span
        className="navbar-toggler-icon"
      />
    </button>
    <div
      aria-expanded={null}
      className="navbar-collapse collapse"
      id="responsive-navbar-nav"
    >
      <div
        className="navbarContainer__navs d-flex justify-content-around navbar-nav"
        onKeyDown={[Function]}
      >
        <a
          className="text-light navbarContainer__navs__nav"
          href="/#top"
          onClick={[Function]}
        >
          <button
            className="text-light navbarContainer__navs__nav__button btn btn-link"
            disabled={false}
            onClick={[Function]}
            type="button"
          >
            Home
          </button>
        </a>
        <div
          className="dropdown"
          onKeyDown={[Function]}
        >
          <button
            aria-expanded={false}
            aria-haspopup={true}
            className="dropdown-toggle btn btn-link"
            disabled={false}
            id="dropdown-basic-button"
            onClick={[Function]}
            type="button"
          >
            About
          </button>
        </div>
        <a
          className="text-light navbarContainer__navs__nav"
          href="/#projects"
          onClick={[Function]}
        >
          <button
            className="text-light navbarContainer__navs__nav__button btn btn-link"
            disabled={false}
            onClick={[Function]}
            type="button"
          >
            Projects
          </button>
        </a>
        <a
          className="text-light navbarContainer__navs__nav__button resumeButton btn btn-link"
          href="https://drive.google.com/file/d/1hYvgvIL-4xm-cn7JKFCq-CIULs9LJx8E/view?usp=sharing"
          onClick={[Function]}
          onKeyDown={[Function]}
          rel="noreferrer"
          target="_blank"
        >
          Resume
        </a>
        <button
          className="text-light navbarContainer__navs__nav__button btn btn-link"
          disabled={false}
          onClick={[Function]}
          type="button"
        >
          Contact
        </button>
      </div>
    </div>
  </nav>,
  <div
    className="sidebar"
  >
    <div
      className="iconContainer"
    >
      <i
        className="fas fa-phone fa-3x icon"
        onClick={[Function]}
      />
    </div>
    <div
      className="iconContainer"
    >
      <i
        className="fas fa-envelope-open icon fa-3x"
        onClick={[Function]}
      />
    </div>
    <div
      className="iconContainer"
    >
      <a
        href="https://www.linkedin.com/in/tarkanmansuroglu/"
        rel="noreferrer"
        target="_blank"
      >
        <i
          className="fab fa-linkedin-in icon fa-3x"
        />
      </a>
    </div>
    <div
      className="iconContainer"
    >
      <a
        href="https://github.com/tmansuroglu"
        rel="noreferrer"
        target="_blank"
      >
        <i
          className="fab fa-github icon fa-3x"
        />
      </a>
    </div>
    <div
      className="iconContainer"
    >
      <a
        href="https://www.instagram.com/tarkanmansuroglu/"
        rel="noreferrer"
        target="_blank"
      >
        <i
          className="fab fa-instagram icon fa-3x"
        />
      </a>
    </div>
    <div
      className="iconContainer"
    >
      <a
        href="https://twitter.com/T_Mansuroglu"
        rel="noreferrer"
        target="_blank"
      >
        <i
          className="fab fa-twitter icon fa-3x"
        />
      </a>
    </div>
  </div>,
  <div
    className="homeText container"
    id="introduction"
  >
    <h1
      className="name"
    >
      Tarkan Mansuroğlu
    </h1>
    <p
      className="loop styles_typicalWrapper__1_Uvh"
    />
  </div>,
  <div
    className="container"
    id="about"
  >
    <h1
      className="homeTitle aboutBigScreen"
    >
      About
    </h1>
    <div
      className="homeText"
    >
      <div
        className="tarkanDiv"
      >
        <img
          alt="tarkan mansuroğlu's picture"
          className="tarkanImage img-fluid rounded-circle"
          src="tarkanImage.png"
        />
      </div>
      <h1
        className="homeTitle aboutSmallScreen"
      >
        About
      </h1>
      <h2
        
        id="whoIsTarkan"
      >
        Who is Tarkan Mansuroğlu?
      </h2>
      <p>
        Tarkan Mansuroğlu is a front-end web developer. He started learning coding by himself and continued his coding education through “Re-Coded Front-End Web Development Bootcamp”. He became a coder because he is a lifelong learner and addicted to the sensation that comes after solving a tech problem.
      </p>
      <p>
        He discovered his appetite for challenges in his early 20s. At age 20, he was severely obese and academically lost. At 22 he dropped from 175kg to 95 kg, became a fitness enthusiast and top finance student of his university. Later, he graduated with highest CGPA and continued being a physically active person.
      </p>
      <p>
        During these years, he wanted to figure out what he expected from life. While searching for his purpose, he realized that to build his future, first, he needs to understand himself. This revelation pushed him to develop an analytical mindset. Consequently, he realized that problem solving is the main drive of things he enjoys. Thus, when he started coding, he fell in love with it.
      </p>
      <h2
        
        id="education"
      >
        Education
      </h2>
      <p>
        In 2020, Tarkan Mansuroğlu graduated from
         
        <a
          href="https://www.re-coded.com/"
          rel="noreferrer"
          target="_blank"
        >
          Re:Coded
        </a>
        's front end web development bootcamp, which is a collaboration between
         
        <a
          href="https://flatironschool.com/"
          rel="noreferrer"
          target="_blank"
        >
          Flatiron School
        </a>
         
        and Re:Coded. Prior to his coding education, he was a finance graduate. In 2019, he graduated from international finance program of
         
        <a
          href="https://www.emu.edu.tr/en"
          rel="noreferrer"
          target="_blank"
        >
          Eastern Mediterranean University(EMU)
        </a>
         
        as top student with 4.00 out of 4.00 CGPA.
      </p>
      <h2
        
        id="employmentHistory"
      >
        Work Experience
      </h2>
      <p>
        Tarkan worked as junior developer intern for Re:Coded in 2020. His efforts were focused on improving his
         
        <a
          href="#technicalSkills"
          onClick={[Function]}
        >
          technical skills
        </a>
        , building 
        <a
          href="#projects"
          onClick={[Function]}
        >
          projects
        </a>
         and soft skills(business communication, teamwork, agile product management, time management...).
      </p>
      <p>
        Before, he was working for banking and finance department of EMU as a student assistant. His main responsibilities were: contributing to department communication, archive management and translation.
      </p>
      <p>
        Also, he was peer teaching statistics, finance, economics and math to social science students.
      </p>
      <h2
        
        id="technicalSkills"
      >
        Technical Skills
      </h2>
      <div
        className="skillRow row"
      >
        <div
          className="skillDiv"
        >
          HTML5 
          <br />
          <img
            alt="html logo"
            className="svgIcon"
            src="htmlLogo.svg"
          />
        </div>
        <div
          className="skillDiv"
        >
          CSS 
          <br />
          <i
            class="fab fa-css3-alt skillIcon cssLogo"
          />
        </div>
        <div
          className="skillDiv"
        >
          JavaScript 
          <br />
          <i
            class="fab fa-js-square skillIcon javaScriptLogo"
          />
        </div>
        <div
          className="skillDiv"
        >
          React 
          <br />
          <i
            class="fab fa-react skillIcon reactLogo"
          />
        </div>
        <div
          className="skillDiv"
        >
          Git 
          <br />
          <i
            class="fab fa-git skillIcon gitLogo"
          />
        </div>
        <div
          className="skillDiv"
        >
          Github 
          <br />
          <i
            class="fab fa-github skillIcon"
          />
        </div>
        <div
          className="skillDiv"
        >
          Bootstrap 
          <br />
          <i
            class="fab fa-bootstrap skillIcon bootstrapLogo"
          />
        </div>
        <div
          className="skillDiv"
        >
          Ant Design 
          <br />
          <img
            alt="ant design logo"
            className="svgIcon"
            src="antDesignLogo.svg"
          />
        </div>
        <div
          className="skillDiv"
        >
          Firebase 
          <br />
          <img
            alt="firebase logo"
            className="svgIcon"
            src="firebaseLogo.svg"
          />
        </div>
        <div
          className="skillDiv"
        >
          Redux 
          <br />
          <img
            alt="redux logo"
            className="svgIcon"
            src="reduxLogo.svg"
          />
        </div>
        <div
          className="skillDiv"
        >
          i18next 
          <br />
          <img
            alt="i18n logo"
            className="svgIcon"
            src="i18nLogo.svg"
          />
        </div>
        <div
          className="skillDiv"
        >
          Jest 
          <br />
          <img
            alt="jest logo"
            className="svgIcon"
            src="jestLogo.svg"
          />
        </div>
      </div>
    </div>
  </div>,
  <div
    className="projectsContainer container"
  >
    <h1
      className="homeTitle"
      id="projects"
    >
      Projects
    </h1>
    <div
      className="verticalTimeline vertical-timeline vertical-timeline--two-columns"
    >
      <div
        className="vertical-timeline-element--work vertical-timeline-element"
        id=""
        style={null}
      >
        <span
          className="vertical-timeline-element-icon is-hidden"
          onClick={null}
          style={
            Object {
              "background": "white",
            }
          }
        >
          <i
            className="fas fa-project-diagram projectIcon"
          />
        </span>
        <div
          className="vertical-timeline-element-content is-hidden"
          onClick={null}
          style={
            Object {
              "background": "white",
              "color": "white",
            }
          }
        >
          <div
            className="vertical-timeline-element-content-arrow"
            style={
              Object {
                "borderRight": "7px solid  white",
              }
            }
          />
          <div
            className="homeText projectContent"
          >
            <h4>
              Juniper
            </h4>
            <a
              href="https://github.com/ReCoded-Org/capstone-istanbul-juniper"
              rel="noreferrer"
              target="_blank"
            >
              Github
            </a>
             
            |
             
            <a
              href="https://juniper-ist.netlify.app/"
              rel="noreferrer"
              target="_blank"
            >
              Demo
            </a>
            <p>
              <strong>
                Goal:
              </strong>
               teaching middle-eastern youth about environmental problems through games.
            </p>
            <br />
            <div
              className="row"
            >
              <div
                className="col-md-6 col-12"
              >
                <h5>
                  Skills Applied
                </h5>
                <ul>
                  <li>
                    HTML
                  </li>
                  <li>
                    CSS
                  </li>
                  <li>
                    JavaScript
                  </li>
                  <li>
                    React
                  </li>
                  <li>
                    Git and Github
                  </li>
                  <li>
                    AGILE Methodologies
                  </li>
                  <li>
                    Teamwork
                  </li>
                  <li>
                    Firebase
                  </li>
                  <li>
                    Ant Design
                  </li>
                  <li>
                    Responsive Design
                  </li>
                  <li>
                    Figma
                  </li>
                  <li>
                    Testing (Jest)
                  </li>
                  <li>
                    Routing
                  </li>
                  <li>
                    i18n
                  </li>
                </ul>
              </div>
              <div
                className="col-md-6 col-12"
              >
                <h5>
                  My Responsibilities
                </h5>
                <ul>
                  <li>
                    Developing a memory game
                  </li>
                  <li>
                    Code reviewing
                  </li>
                  <li>
                    Bug bashing
                  </li>
                  <li>
                    Developing games page
                  </li>
                  <li>
                    Scrum master for 1 week
                  </li>
                  <li>
                    Helping colleagues whenever needed
                  </li>
                  <li>
                    Developing twitter section of homepage
                  </li>
                </ul>
              </div>
            </div>
          </div>
          <span
            className="date vertical-timeline-element-date"
          >
            Nov 2020
          </span>
        </div>
      </div>
      <div
        className="vertical-timeline-element--work vertical-timeline-element"
        id=""
        style={null}
      >
        <span
          className="vertical-timeline-element-icon is-hidden"
          onClick={null}
          style={
            Object {
              "background": "white",
            }
          }
        >
          <i
            className="fas fa-project-diagram projectIcon"
          />
        </span>
        <div
          className="vertical-timeline-element-content is-hidden"
          onClick={null}
          style={
            Object {
              "background": "white",
              "color": "white",
            }
          }
        >
          <div
            className="vertical-timeline-element-content-arrow"
            style={
              Object {
                "borderRight": "7px solid  white",
              }
            }
          />
          <div
            className="homeText projectContent"
          >
            <h4>
              Portfolio
            </h4>
            <a
              href="https://github.com/tmansuroglu/portfolio"
              rel="noreferrer"
              target="_blank"
            >
              Github
            </a>
            <br />
            <p>
              <strong>
                Goal:
              </strong>
               building a portfolio website to create an online presence.
            </p>
            <br />
            <div
              className="row"
            >
              <div
                className="col-md-6 col-12"
              >
                <h5>
                  Skills Applied
                </h5>
                <ul>
                  <li>
                    HTML
                  </li>
                  <li>
                    CSS
                  </li>
                  <li>
                    JavaScript
                  </li>
                  <li>
                    React
                  </li>
                  <li>
                    Emailjs
                  </li>
                  <li>
                    Bootstrap
                  </li>
                  <li>
                    Responsive Design
                  </li>
                  <li>
                    Git and Github
                  </li>
                  <li>
                    Testing (Jest)
                  </li>
                </ul>
              </div>
              <div
                className="col-md-6 col-12"
              >
                <h5>
                  My Responsibilities
                </h5>
                <ul>
                  <li>
                    Solo Project
                  </li>
                </ul>
              </div>
            </div>
          </div>
          <span
            className="date vertical-timeline-element-date"
          >
            Nov 2020
          </span>
        </div>
      </div>
      <div
        className="vertical-timeline-element--work vertical-timeline-element"
        id=""
        style={null}
      >
        <span
          className="vertical-timeline-element-icon is-hidden"
          onClick={null}
          style={
            Object {
              "background": "white",
            }
          }
        >
          <i
            className="fas fa-project-diagram projectIcon"
          />
        </span>
        <div
          className="vertical-timeline-element-content is-hidden"
          onClick={null}
          style={
            Object {
              "background": "white",
              "color": "white",
            }
          }
        >
          <div
            className="vertical-timeline-element-content-arrow"
            style={
              Object {
                "borderRight": "7px solid  white",
              }
            }
          />
          <div
            className="homeText projectContent"
          >
            <h4>
              FoodCheck
            </h4>
            <a
              href="https://github.com/tmansuroglu/MohammadJundi-Tarkan-Project"
              rel="noreferrer"
              target="_blank"
            >
              Github
            </a>
             
            |
             
            <a
              href="https://foodcheck.netlify.app/"
              rel="noreferrer"
              target="_blank"
            >
              Demo
            </a>
            <p>
              <strong>
                Goal:
              </strong>
               creating a quick and easy to use weekly diet and calory tracker
            </p>
            <br />
            <div
              className="row"
            >
              <div
                className="col-md-6 col-12"
              >
                <h5>
                  Skills Applied
                </h5>
                <ul>
                  <li>
                    HTML
                  </li>
                  <li>
                    CSS
                  </li>
                  <li>
                    JavaScript
                  </li>
                  <li>
                    React
                  </li>
                  <li>
                    Redux
                  </li>
                  <li>
                    API Usage
                  </li>
                  <li>
                    Firebase
                  </li>
                  <li>
                    Ant Design
                  </li>
                  <li>
                    Responsive Design
                  </li>
                  <li>
                    Git and Github
                  </li>
                  <li>
                    Chart.js
                  </li>
                  <li>
                    Routing
                  </li>
                </ul>
              </div>
              <div
                className="col-md-6 col-12"
              >
                <h5>
                  My Responsibilities
                </h5>
                <ul>
                  <li>
                    App planning
                  </li>
                  <li>
                    Setting up redux
                  </li>
                  <li>
                    Setting up firebase
                  </li>
                  <li>
                    Setting up food API
                  </li>
                  <li>
                    Diet management page
                  </li>
                  <li>
                    Creating charts
                  </li>
                  <li>
                    Responsive design
                  </li>
                  <li>
                    Home page
                  </li>
                  <li>
                    Contact page
                  </li>
                  <li>
                    Login page
                  </li>
                  <li>
                    Register page
                  </li>
                </ul>
              </div>
            </div>
          </div>
          <span
            className="date vertical-timeline-element-date"
          >
            Sept 2020
          </span>
        </div>
      </div>
      <div
        className="vertical-timeline-element--work vertical-timeline-element"
        id=""
        style={null}
      >
        <span
          className="vertical-timeline-element-icon is-hidden"
          onClick={null}
          style={
            Object {
              "background": "white",
            }
          }
        >
          <i
            className="fas fa-project-diagram projectIcon"
          />
        </span>
        <div
          className="vertical-timeline-element-content is-hidden"
          onClick={null}
          style={
            Object {
              "background": "white",
              "color": "white",
            }
          }
        >
          <div
            className="vertical-timeline-element-content-arrow"
            style={
              Object {
                "borderRight": "7px solid  white",
              }
            }
          />
          <div
            className="homeText projectContent"
          >
            <h4>
              TMDB
            </h4>
            <a
              href="https://github.com/tmansuroglu/TMDB-Project"
              rel="noreferrer"
              target="_blank"
            >
              Github
            </a>
             
            |
             
            <a
              href="https://tmdbproject.netlify.app/"
              rel="noreferrer"
              target="_blank"
            >
              Demo
            </a>
            <p>
              <strong>
                Goal:
              </strong>
               creating an IMDB clone.
            </p>
            <br />
            <div
              className="row"
            >
              <div
                className="col-md-6 col-12"
              >
                <h5>
                  Skills Applied
                </h5>
                <ul>
                  <li>
                    HTML
                  </li>
                  <li>
                    CSS
                  </li>
                  <li>
                    JavaScript
                  </li>
                  <li>
                    Bootstrap
                  </li>
                  <li>
                    Responsive Design
                  </li>
                  <li>
                    API Usage
                  </li>
                </ul>
              </div>
              <div
                className="col-md-6 col-12"
              >
                <h5>
                  My Responsibilities
                </h5>
                <ul>
                  <li>
                    Setting up TMDB API
                  </li>
                  <li>
                    Movie/Tv Series Page
                  </li>
                  <li>
                    Actor/Actress Page
                  </li>
                  <li>
                    Search Page
                  </li>
                  <li>
                    Main Page
                  </li>
                  <li>
                    Navbar Dropdowns
                  </li>
                  <li>
                    Visual Design
                  </li>
                </ul>
              </div>
            </div>
          </div>
          <span
            className="date vertical-timeline-element-date"
          >
            Sept 2020
          </span>
        </div>
      </div>
      <div
        className="vertical-timeline-element--work vertical-timeline-element"
        id=""
        style={null}
      >
        <span
          className="vertical-timeline-element-icon is-hidden"
          onClick={null}
          style={
            Object {
              "background": "white",
            }
          }
        >
          <i
            className="fas fa-project-diagram projectIcon"
          />
        </span>
        <div
          className="vertical-timeline-element-content is-hidden"
          onClick={null}
          style={
            Object {
              "background": "white",
              "color": "white",
            }
          }
        >
          <div
            className="vertical-timeline-element-content-arrow"
            style={
              Object {
                "borderRight": "7px solid  white",
              }
            }
          />
          <div
            className="homeText projectContent"
          >
            <h4>
              Madlibz
            </h4>
            <a
              href="https://github.com/tmansuroglu/Madlibzz"
              rel="noreferrer"
              target="_blank"
            >
              Github
            </a>
             
            |
             
            <a
              href="https://madlibz.netlify.app/"
              rel="noreferrer"
              target="_blank"
            >
              Demo
            </a>
            <p>
              <strong>
                Goal:
              </strong>
               creating a Madlibz game.
            </p>
            <br />
            <div
              className="row"
            >
              <div
                className="col-md-6 col-12"
              >
                <h5>
                  Skills Applied
                </h5>
                <ul>
                  <li>
                    HTML
                  </li>
                  <li>
                    CSS
                  </li>
                  <li>
                    JavaScript
                  </li>
                  <li>
                    Regular Expression
                  </li>
                  <li>
                    i18n
                  </li>
                  <li>
                    Bootstrap
                  </li>
                  <li>
                    Visual Design
                  </li>
                  <li>
                    Responsive Design
                  </li>
                  <li>
                    Teamwork
                  </li>
                </ul>
              </div>
              <div
                className="col-md-6 col-12"
              >
                <h5>
                  My Responsibilities
                </h5>
                <ul>
                  <li>
                    Game Logic
                  </li>
                  <li>
                    Setting up i18n
                  </li>
                  <li>
                    Visual Design
                  </li>
                  <li>
                    Responsive Design
                  </li>
                </ul>
              </div>
            </div>
          </div>
          <span
            className="date vertical-timeline-element-date"
          >
            Aug 2020
          </span>
        </div>
      </div>
    </div>
  </div>,
]
`;
