// Jest Snapshot v1, https://goo.gl/fbAQLP

exports[`Navbar renders correctly 1`] = `
<nav
  className="navbarContainer navbar navbar-expand-sm navbar-light fixed-top"
>
  <button
    aria-controls="responsive-navbar-nav"
    aria-label="Toggle navigation"
    className="navbar-toggler collapsed"
    onClick={[Function]}
    type="button"
  >
    <span
      className="navbar-toggler-icon"
    />
  </button>
  <div
    aria-expanded={null}
    className="navbar-collapse collapse"
    id="responsive-navbar-nav"
  >
    <div
      className="navbarContainer__navs d-flex justify-content-around navbar-nav"
      onKeyDown={[Function]}
    >
      <a
        className="text-light navbarContainer__navs__nav"
        href="/#top"
        onClick={[Function]}
      >
        <button
          className="text-light navbarContainer__navs__nav__button btn btn-link"
          disabled={false}
          onClick={[Function]}
          type="button"
        >
          Home
        </button>
      </a>
      <div
        className="dropdown"
        onKeyDown={[Function]}
      >
        <button
          aria-expanded={false}
          aria-haspopup={true}
          className="dropdown-toggle btn btn-link"
          disabled={false}
          id="dropdown-basic-button"
          onClick={[Function]}
          type="button"
        >
          About
        </button>
      </div>
      <a
        className="text-light navbarContainer__navs__nav"
        href="/#projects"
        onClick={[Function]}
      >
        <button
          className="text-light navbarContainer__navs__nav__button btn btn-link"
          disabled={false}
          onClick={[Function]}
          type="button"
        >
          Projects
        </button>
      </a>
      <a
        className="text-light navbarContainer__navs__nav__button resumeButton btn btn-link"
        href="https://drive.google.com/file/d/1hYvgvIL-4xm-cn7JKFCq-CIULs9LJx8E/view?usp=sharing"
        onClick={[Function]}
        onKeyDown={[Function]}
        rel="noreferrer"
        target="_blank"
      >
        Resume
      </a>
      <button
        className="text-light navbarContainer__navs__nav__button btn btn-link"
        disabled={false}
        onClick={[Function]}
        type="button"
      >
        Contact
      </button>
    </div>
  </div>
</nav>
`;
