// Jest Snapshot v1, https://goo.gl/fbAQLP

exports[`Navbar renders correctly 1`] = `
<nav
  className="navbarContainer navbar navbar-expand-sm navbar-light fixed-top"
>
  <button
    aria-controls="responsive-navbar-nav"
    aria-label="Toggle navigation"
    className="navbar-toggler collapsed"
    onClick={[Function]}
    type="button"
  >
    <span
      className="navbar-toggler-icon"
    />
  </button>
  <div
    aria-expanded={null}
    className="navbar-collapse collapse"
    id="responsive-navbar-nav"
  >
    <div
      className="navbarContainer__navs d-flex justify-content-around navbar-nav"
      onKeyDown={[Function]}
    >
      <a
        className="text-light navbarContainer__navs__nav"
        href="/#top"
        onClick={[Function]}
      >
        Home
      </a>
      <a
        className="text-light navbarContainer__navs__nav"
        href="/#about"
        onClick={[Function]}
      >
        About
      </a>
      <a
        className="text-light navbarContainer__navs__nav"
        href="/#projects"
        onClick={[Function]}
      >
        Projects
      </a>
      <a
        className="text-light navbarContainer__navs__nav"
        href="/#resume"
        onClick={[Function]}
      >
        Resume
      </a>
      <a
        className="text-light navbarContainer__navs__nav"
        href="/#contact"
        onClick={[Function]}
      >
        Contact
      </a>
    </div>
  </div>
</nav>
`;
