// Jest Snapshot v1, https://goo.gl/fbAQLP

exports[`TMDB renders correctly 1`] = `
<div
  className="vertical-timeline-element--work vertical-timeline-element"
  id=""
  style={null}
>
  <span
    className="vertical-timeline-element-icon is-hidden"
    onClick={null}
    style={
      Object {
        "background": "white",
      }
    }
  >
    <i
      className="fas fa-project-diagram projectIcon"
    />
  </span>
  <div
    className="vertical-timeline-element-content is-hidden"
    onClick={null}
    style={
      Object {
        "background": "white",
        "color": "white",
      }
    }
  >
    <div
      className="vertical-timeline-element-content-arrow"
      style={
        Object {
          "borderRight": "7px solid  white",
        }
      }
    />
    <div
      className="homeText projectContent"
    >
      <h4>
        TMDB
      </h4>
      <a
        href="https://github.com/tmansuroglu/TMDB-Project"
        rel="noreferrer"
        target="_blank"
      >
        Github
      </a>
       
      |
       
      <a
        href="https://tmdbproject.netlify.app/"
        rel="noreferrer"
        target="_blank"
      >
        Demo
      </a>
      <p>
        <strong>
          Goal:
        </strong>
         creating an IMDB clone.
      </p>
      <br />
      <div
        className="row"
      >
        <div
          className="col-md-6 col-12"
        >
          <h5>
            Skills Applied
          </h5>
          <ul>
            <li>
              HTML
            </li>
            <li>
              CSS
            </li>
            <li>
              JavaScript
            </li>
            <li>
              Bootstrap
            </li>
            <li>
              Responsive Design
            </li>
            <li>
              API Usage
            </li>
          </ul>
        </div>
        <div
          className="col-md-6 col-12"
        >
          <h5>
            My Responsibilities
          </h5>
          <ul>
            <li>
              Setting up TMDB API
            </li>
            <li>
              Movie/Tv Series Page
            </li>
            <li>
              Actor/Actress Page
            </li>
            <li>
              Search Page
            </li>
            <li>
              Main Page
            </li>
            <li>
              Navbar Dropdowns
            </li>
            <li>
              Visual Design
            </li>
          </ul>
        </div>
      </div>
    </div>
    <span
      className="date vertical-timeline-element-date"
    >
      Sept 2020
    </span>
  </div>
</div>
`;
